// Jest Snapshot v1, https://goo.gl/fbAQLP

exports[`Chat answer bot on empty message 1`] = `
<DocumentFragment>
  <div
    class="chat"
  >
    <div
      class="user"
    >
      <div
        class="user__icon"
      />
      <input
        class="user__input"
        data-testid="user"
        placeholder="Enter your name"
        type="text"
        value=""
      />
    </div>
    <div
      class="messagelist"
      data-testid="messageList"
    />
    <form
      class="form"
      data-testid="form"
    >
      <textarea
        class="message"
        data-testid="message"
        placeholder="Your message"
      />
      <button
        class="MuiButton-root MuiButton-contained MuiButton-containedPrimary MuiButton-sizeSmall MuiButton-containedSizeSmall MuiButtonBase-root Mui-disabled btn btn-top css-11qr2p8-MuiButtonBase-root-MuiButton-root"
        data-testid="button"
        disabled=""
        tabindex="-1"
        type="submit"
      >
        Send message
        <span
          class="MuiButton-endIcon MuiButton-iconSizeSmall css-155nyw6-MuiButton-endIcon"
        >
          <svg
            aria-hidden="true"
            class="MuiSvgIcon-root MuiSvgIcon-fontSizeMedium css-i4bv87-MuiSvgIcon-root"
            data-testid="SendIcon"
            focusable="false"
            viewBox="0 0 24 24"
          >
            <path
              d="M2.01 21 23 12 2.01 3 2 10l15 2-15 2z"
            />
          </svg>
        </span>
      </button>
    </form>
  </div>
</DocumentFragment>
`;

exports[`Chat render with snapshot 1`] = `
<DocumentFragment>
  <div
    class="chat"
  >
    <div
      class="user"
    >
      <div
        class="user__icon"
      />
      <input
        class="user__input"
        data-testid="user"
        placeholder="Enter your name"
        type="text"
        value=""
      />
    </div>
    <div
      class="messagelist"
      data-testid="messageList"
    />
    <form
      class="form"
      data-testid="form"
    >
      <textarea
        class="message"
        data-testid="message"
        placeholder="Your message"
      />
      <button
        class="MuiButton-root MuiButton-contained MuiButton-containedPrimary MuiButton-sizeSmall MuiButton-containedSizeSmall MuiButtonBase-root Mui-disabled btn btn-top css-11qr2p8-MuiButtonBase-root-MuiButton-root"
        data-testid="button"
        disabled=""
        tabindex="-1"
        type="submit"
      >
        Send message
        <span
          class="MuiButton-endIcon MuiButton-iconSizeSmall css-155nyw6-MuiButton-endIcon"
        >
          <svg
            aria-hidden="true"
            class="MuiSvgIcon-root MuiSvgIcon-fontSizeMedium css-i4bv87-MuiSvgIcon-root"
            data-testid="SendIcon"
            focusable="false"
            viewBox="0 0 24 24"
          >
            <path
              d="M2.01 21 23 12 2.01 3 2 10l15 2-15 2z"
            />
          </svg>
        </span>
      </button>
    </form>
  </div>
</DocumentFragment>
`;
