// Jest Snapshot v1, https://goo.gl/fbAQLP

exports[`Button render with snapshot 1`] = `
Object {
  "asFragment": [Function],
  "baseElement": <body>
    <div>
      <button
        class="btn"
        data-testid="button"
        type="submit"
      >
        <svg
          class="ionicon"
          viewBox="0 0 512 512"
          xmlns="http://www.w3.org/2000/svg"
        >
          <title>
            Enter your name
          </title>
          <path
            d="M470.3 271.15L43.16 447.31a7.83 7.83 0 01-11.16-7V327a8 8 0 016.51-7.86l247.62-47c17.36-3.29 17.36-28.15 0-31.44l-247.63-47a8 8 0 01-6.5-7.85V72.59c0-5.74 5.88-10.26 11.16-8L470.3 241.76a16 16 0 010 29.39z"
          />
        </svg>
      </button>
    </div>
  </body>,
  "container": <div>
    <button
      class="btn"
      data-testid="button"
      type="submit"
    >
      <svg
        class="ionicon"
        viewBox="0 0 512 512"
        xmlns="http://www.w3.org/2000/svg"
      >
        <title>
          Enter your name
        </title>
        <path
          d="M470.3 271.15L43.16 447.31a7.83 7.83 0 01-11.16-7V327a8 8 0 016.51-7.86l247.62-47c17.36-3.29 17.36-28.15 0-31.44l-247.63-47a8 8 0 01-6.5-7.85V72.59c0-5.74 5.88-10.26 11.16-8L470.3 241.76a16 16 0 010 29.39z"
        />
      </svg>
    </button>
  </div>,
  "debug": [Function],
  "findAllByAltText": [Function],
  "findAllByDisplayValue": [Function],
  "findAllByLabelText": [Function],
  "findAllByPlaceholderText": [Function],
  "findAllByRole": [Function],
  "findAllByTestId": [Function],
  "findAllByText": [Function],
  "findAllByTitle": [Function],
  "findByAltText": [Function],
  "findByDisplayValue": [Function],
  "findByLabelText": [Function],
  "findByPlaceholderText": [Function],
  "findByRole": [Function],
  "findByTestId": [Function],
  "findByText": [Function],
  "findByTitle": [Function],
  "getAllByAltText": [Function],
  "getAllByDisplayValue": [Function],
  "getAllByLabelText": [Function],
  "getAllByPlaceholderText": [Function],
  "getAllByRole": [Function],
  "getAllByTestId": [Function],
  "getAllByText": [Function],
  "getAllByTitle": [Function],
  "getByAltText": [Function],
  "getByDisplayValue": [Function],
  "getByLabelText": [Function],
  "getByPlaceholderText": [Function],
  "getByRole": [Function],
  "getByTestId": [Function],
  "getByText": [Function],
  "getByTitle": [Function],
  "queryAllByAltText": [Function],
  "queryAllByDisplayValue": [Function],
  "queryAllByLabelText": [Function],
  "queryAllByPlaceholderText": [Function],
  "queryAllByRole": [Function],
  "queryAllByTestId": [Function],
  "queryAllByText": [Function],
  "queryAllByTitle": [Function],
  "queryByAltText": [Function],
  "queryByDisplayValue": [Function],
  "queryByLabelText": [Function],
  "queryByPlaceholderText": [Function],
  "queryByRole": [Function],
  "queryByTestId": [Function],
  "queryByText": [Function],
  "queryByTitle": [Function],
  "rerender": [Function],
  "unmount": [Function],
}
`;
